Wolfram 14.3.0 Kernel for Linux x86 (64-bit)
Copyright 1988-2025 Wolfram Research, Inc.

In[1]:= 
In[2]:= 
In[3]:= 
In[4]:= 
In[5]:= 
In[6]:= 
In[7]:= 
In[8]:= 
In[9]:= 
In[10]:=                                                                                                                                        
In[11]:= In[11]:= 
In[12]:= In[12]:= 
In[13]:= 
In[14]:= 
In[15]:= 
In[16]:= 
In[17]:= 
In[18]:= In[18]:= 
In[19]:= In[19]:= In[19]:= 
In[20]:= In[20]:= In[20]:= 
In[21]:= 
In[22]:= 
In[23]:= In[23]:= In[23]:= 
In[24]:= 
In[25]:= 
In[26]:= In[26]:= In[26]:= 
In[27]:= 
In[28]:= In[28]:= In[28]:= 
In[29]:= In[29]:= 
In[30]:= 
In[31]:= 
In[32]:= In[32]:= 
In[33]:= In[33]:= 
In[34]:= In[34]:= renaming of kinematic invariants in calcFU.m: 

replacements={m1 -> ms[1], m2 -> ms[2], m3 -> ms[3]}
mandelstamlist={}

In[35]:= 
In[36]:=                                              
In[37]:= In[37]:= 
In[38]:= In[38]:= rankall=0

In[39]:= In[39]:= 
In[40]:= 
In[41]:= 
In[42]:= 
In[43]:= 
In[44]:= 
In[45]:= 
In[46]:= 
In[47]:= In[47]:= 
In[48]:=                            
In[49]:= In[49]:= In[49]:= 