Wolfram 14.3.0 Kernel for Linux x86 (64-bit)
Copyright 1988-2025 Wolfram Research, Inc.

In[1]:= 
In[2]:= 
In[3]:= 
In[4]:= 
In[5]:= 
In[6]:= 
In[7]:= In[7]:= 
In[8]:= In[8]:= 
In[9]:= 
In[10]:= 
In[11]:=                                                                                                                                        
In[12]:= In[12]:= 
In[13]:= In[13]:= 
In[14]:= 
In[15]:= 
In[16]:= 
In[17]:= 
In[18]:= 
In[19]:= In[19]:= 
In[20]:= In[20]:= In[20]:= 
In[21]:= In[21]:= In[21]:= 
In[22]:= 
In[23]:= 
In[24]:= In[24]:= In[24]:= 
In[25]:= 
In[26]:= 
In[27]:= In[27]:= In[27]:= 
In[28]:= 
In[29]:= In[29]:= In[29]:= 
In[30]:= In[30]:= 
In[31]:= 
In[32]:= 
In[33]:= In[33]:= 
Out[33]= X

In[34]:= In[34]:= 
In[35]:= In[35]:= renaming of kinematic invariants in calcFU.m: 

replacements={psq -> ssp[1], m1 -> ssp[2], m2 -> ssp[3], m3 -> ssp[4]}
mandelstamlist={}

In[36]:= In[36]:= 
In[37]:= In[37]:= 
In[38]:= In[38]:= 
In[39]:= 
In[40]:= In[40]:= No integration by parts performed.


Time taken to do the decomposition: 0.059655 secs

In[41]:= 