Wolfram 14.3.0 Kernel for Linux x86 (64-bit)
Copyright 1988-2025 Wolfram Research, Inc.

In[1]:= 
In[2]:=                                                                                                                                                                                                                                                                                                                                                                                                                 
In[3]:= 
In[4]:= In[4]:= 
In[5]:= In[5]:=         Recasting input for subtraction
Recasting done, time taken = 0.000569 seconds
Integrand takes up 22888 bytes
Integrand list ordered, time taken = 0.000214 seconds
Collating integrand list
Integrand list collated, time taken = 0.000095 seconds
Checking for symmetry amongst subsectors
Symmetries accounted for, time taken = 0.002004 seconds
Producing C++ functions
Memory in use before optimizing C++ functions = 119378928
Replacements:{x0 -> t[1], x1 -> t[2]}
No replacements done.
No replacements done.
Replacements:{x0 -> t[1], x1 -> t[2]}
No replacements done.
No replacements done.
Replacements:{x0 -> t[1], x1 -> t[2]}
No replacements done.
No replacements done.
Replacements:{x0 -> t[1], x1 -> t[2]}
No replacements done.
No replacements done.
Replacements:{x0 -> t[1], x1 -> t[2]}
No replacements done.
No replacements done.
Replacements:{x0 -> t[1], x1 -> t[2]}
No replacements done.
No replacements done.
numericalintegrand 1 evaluated, Memory in use = 119731984
C++ functions produced, time taken = 0.089617 seconds

In[6]:= 
In[7]:= Total time taken to produce C++ files: 0.602965 secs

In[8]:= In[8]:= 